kotha@Manuraj MINGW64 ~
$ cd Downloads/

kotha@Manuraj MINGW64 ~/Downloads
$ ssh -i EC2_Demo.pem ubuntu@13.61.33.124
Welcome to Ubuntu 24.04 LTS (GNU/Linux 6.8.0-1012-aws x86_64)

 * Documentation:  https://help.ubuntu.com
 * Management:     https://landscape.canonical.com
 * Support:        https://ubuntu.com/pro

 System information as of Fri Sep 20 18:00:06 UTC 2024

  System load:  0.0                Temperature:           -273.1 C
  Usage of /:   14.5% of 10.58GB   Processes:             110
  Memory usage: 24%                Users logged in:       0
  Swap usage:   0%                 IPv4 address for ens5: 172.31.35.14


Expanded Security Maintenance for Applications is not enabled.

0 updates can be applied immediately.

Enable ESM Apps to receive additional future security updates.
See https://ubuntu.com/esm or run: sudo pro status


The list of available updates is more than a week old.
To check for new updates run: sudo apt update

Last login: Fri Sep 20 17:55:07 2024 from 88.98.240.247
ubuntu@ip-172-31-35-14:~$
ubuntu@ip-172-31-35-14:~$
ubuntu@ip-172-31-35-14:~$ sudo su -
root@ip-172-31-35-14:~#
root@ip-172-31-35-14:~#
root@ip-172-31-35-14:~#
root@ip-172-31-35-14:~# # Add Docker's official GPG key:
sudo apt-get update
sudo apt-get install ca-certificates curl
sudo install -m 0755 -d /etc/apt/keyrings
sudo curl -fsSL https://download.docker.com/linux/ubuntu/gpg -o /etc/apt/keyrings/docker.asc
sudo chmod a+r /etc/apt/keyrings/docker.asc

# Add the repository to Apt sources:
echo \
  "deb [arch=$(dpkg --print-architecture) signed-by=/etc/apt/keyrings/docker.asc] https://download.docker.com/linux/ubuntu \
  $(. /etc/os-release && echo "$VERSION_CODENAME") stable" | \
  sudo tee /etc/apt/sources.list.d/docker.list > /dev/null
sudo apt-get update
Hit:1 http://eu-north-1.ec2.archive.ubuntu.com/ubuntu noble InRelease
Get:2 http://eu-north-1.ec2.archive.ubuntu.com/ubuntu noble-updates InRelease [126 kB]
Get:3 http://eu-north-1.ec2.archive.ubuntu.com/ubuntu noble-backports InRelease [126 kB]
Get:4 http://eu-north-1.ec2.archive.ubuntu.com/ubuntu noble/universe amd64 Packages [15.0 MB]
Get:5 http://security.ubuntu.com/ubuntu noble-security InRelease [126 kB]
Get:6 http://eu-north-1.ec2.archive.ubuntu.com/ubuntu noble/universe Translation-en [5982 kB]
Get:7 http://eu-north-1.ec2.archive.ubuntu.com/ubuntu noble/universe amd64 Components [3871 kB]
Get:8 http://eu-north-1.ec2.archive.ubuntu.com/ubuntu noble/universe amd64 c-n-f Metadata [301 kB]
Get:9 http://eu-north-1.ec2.archive.ubuntu.com/ubuntu noble/multiverse amd64 Packages [269 kB]
Get:10 http://eu-north-1.ec2.archive.ubuntu.com/ubuntu noble/multiverse Translation-en [118 kB]
Get:11 http://eu-north-1.ec2.archive.ubuntu.com/ubuntu noble/multiverse amd64 Components [35.0 kB]
Get:12 http://eu-north-1.ec2.archive.ubuntu.com/ubuntu noble/multiverse amd64 c-n-f Metadata [8328 B]
Get:13 http://eu-north-1.ec2.archive.ubuntu.com/ubuntu noble-updates/main amd64 Packages [530 kB]
Get:14 http://security.ubuntu.com/ubuntu noble-security/main amd64 Packages [377 kB]
Get:15 http://eu-north-1.ec2.archive.ubuntu.com/ubuntu noble-updates/main Translation-en [128 kB]
Get:16 http://eu-north-1.ec2.archive.ubuntu.com/ubuntu noble-updates/main amd64 c-n-f Metadata [8548 B]
Get:17 http://eu-north-1.ec2.archive.ubuntu.com/ubuntu noble-updates/universe amd64 Packages [373 kB]
Get:18 http://eu-north-1.ec2.archive.ubuntu.com/ubuntu noble-updates/universe Translation-en [153 kB]
Get:19 http://eu-north-1.ec2.archive.ubuntu.com/ubuntu noble-updates/universe amd64 Components [45.0 kB]
Get:20 http://eu-north-1.ec2.archive.ubuntu.com/ubuntu noble-updates/universe amd64 c-n-f Metadata [14.6 kB]
Get:21 http://eu-north-1.ec2.archive.ubuntu.com/ubuntu noble-updates/restricted amd64 Packages [353 kB]
Get:22 http://eu-north-1.ec2.archive.ubuntu.com/ubuntu noble-updates/restricted Translation-en [68.1 kB]
Get:23 http://eu-north-1.ec2.archive.ubuntu.com/ubuntu noble-updates/restricted amd64 c-n-f Metadata [424 B]
Get:24 http://eu-north-1.ec2.archive.ubuntu.com/ubuntu noble-updates/multiverse amd64 Packages [14.4 kB]
Get:25 http://eu-north-1.ec2.archive.ubuntu.com/ubuntu noble-updates/multiverse Translation-en [3608 B]
Get:26 http://eu-north-1.ec2.archive.ubuntu.com/ubuntu noble-updates/multiverse amd64 Components [212 B]
Get:27 http://eu-north-1.ec2.archive.ubuntu.com/ubuntu noble-updates/multiverse amd64 c-n-f Metadata [532 B]
Get:28 http://eu-north-1.ec2.archive.ubuntu.com/ubuntu noble-backports/main amd64 Components [208 B]
Get:29 http://eu-north-1.ec2.archive.ubuntu.com/ubuntu noble-backports/main amd64 c-n-f Metadata [112 B]
Get:30 http://eu-north-1.ec2.archive.ubuntu.com/ubuntu noble-backports/universe amd64 Packages [10.6 kB]
Get:31 http://eu-north-1.ec2.archive.ubuntu.com/ubuntu noble-backports/universe Translation-en [10.8 kB]
Get:32 http://eu-north-1.ec2.archive.ubuntu.com/ubuntu noble-backports/universe amd64 Components [17.6 kB]
Get:33 http://eu-north-1.ec2.archive.ubuntu.com/ubuntu noble-backports/universe amd64 c-n-f Metadata [1104 B]
Get:34 http://eu-north-1.ec2.archive.ubuntu.com/ubuntu noble-backports/restricted amd64 Components [216 B]
Get:35 http://eu-north-1.ec2.archive.ubuntu.com/ubuntu noble-backports/restricted amd64 c-n-f Metadata [116 B]
Get:36 http://eu-north-1.ec2.archive.ubuntu.com/ubuntu noble-backports/multiverse amd64 Components [212 B]
Get:37 http://eu-north-1.ec2.archive.ubuntu.com/ubuntu noble-backports/multiverse amd64 c-n-f Metadata [116 B]
Get:38 http://security.ubuntu.com/ubuntu noble-security/main Translation-en [81.4 kB]
Get:39 http://security.ubuntu.com/ubuntu noble-security/main amd64 c-n-f Metadata [4516 B]
Get:40 http://security.ubuntu.com/ubuntu noble-security/universe amd64 Packages [269 kB]
Get:41 http://security.ubuntu.com/ubuntu noble-security/universe Translation-en [113 kB]
Get:42 http://security.ubuntu.com/ubuntu noble-security/universe amd64 Components [8632 B]
Get:43 http://security.ubuntu.com/ubuntu noble-security/universe amd64 c-n-f Metadata [10.1 kB]
Get:44 http://security.ubuntu.com/ubuntu noble-security/restricted amd64 Packages [353 kB]
Get:45 http://security.ubuntu.com/ubuntu noble-security/restricted Translation-en [68.1 kB]
Get:46 http://security.ubuntu.com/ubuntu noble-security/restricted amd64 c-n-f Metadata [428 B]
Get:47 http://security.ubuntu.com/ubuntu noble-security/multiverse amd64 Packages [10.9 kB]
Get:48 http://security.ubuntu.com/ubuntu noble-security/multiverse Translation-en [2808 B]
Get:49 http://security.ubuntu.com/ubuntu noble-security/multiverse amd64 Components [208 B]
Get:50 http://security.ubuntu.com/ubuntu noble-security/multiverse amd64 c-n-f Metadata [344 B]
Fetched 29.0 MB in 5s (6416 kB/s)
Reading package lists... Done
Reading package lists... Done
Building dependency tree... Done
Reading state information... Done
ca-certificates is already the newest version (20240203).
ca-certificates set to manually installed.
The following additional packages will be installed:
  libcurl3t64-gnutls libcurl4t64
The following packages will be upgraded:
  curl libcurl3t64-gnutls libcurl4t64
3 upgraded, 0 newly installed, 0 to remove and 136 not upgraded.
Need to get 900 kB of archives.
After this operation, 3072 B of additional disk space will be used.
Do you want to continue? [Y/n] y
Get:1 http://eu-north-1.ec2.archive.ubuntu.com/ubuntu noble-updates/main amd64 curl amd64 8.5.0-2ubuntu10.4 [227 kB]
Get:2 http://eu-north-1.ec2.archive.ubuntu.com/ubuntu noble-updates/main amd64 libcurl4t64 amd64 8.5.0-2ubuntu10.4 [341 kB]
Get:3 http://eu-north-1.ec2.archive.ubuntu.com/ubuntu noble-updates/main amd64 libcurl3t64-gnutls amd64 8.5.0-2ubuntu10.4 [333 kB]
Fetched 900 kB in 0s (23.4 MB/s)
(Reading database ... 67741 files and directories currently installed.)
Preparing to unpack .../curl_8.5.0-2ubuntu10.4_amd64.deb ...
Unpacking curl (8.5.0-2ubuntu10.4) over (8.5.0-2ubuntu10.1) ...
Preparing to unpack .../libcurl4t64_8.5.0-2ubuntu10.4_amd64.deb ...
Unpacking libcurl4t64:amd64 (8.5.0-2ubuntu10.4) over (8.5.0-2ubuntu10.1) ...
Preparing to unpack .../libcurl3t64-gnutls_8.5.0-2ubuntu10.4_amd64.deb ...
Unpacking libcurl3t64-gnutls:amd64 (8.5.0-2ubuntu10.4) over (8.5.0-2ubuntu10.1) ...
Setting up libcurl4t64:amd64 (8.5.0-2ubuntu10.4) ...
Setting up libcurl3t64-gnutls:amd64 (8.5.0-2ubuntu10.4) ...
Setting up curl (8.5.0-2ubuntu10.4) ...
Processing triggers for man-db (2.12.0-4build2) ...
Processing triggers for libc-bin (2.39-0ubuntu8.2) ...
Scanning processes...
Scanning candidates...
Scanning linux images...

Running kernel seems to be up-to-date.

Restarting services...
 systemctl restart packagekit.service

No containers need to be restarted.

No user sessions are running outdated binaries.

No VM guests are running outdated hypervisor (qemu) binaries on this host.
Hit:1 http://eu-north-1.ec2.archive.ubuntu.com/ubuntu noble InRelease
Hit:2 http://eu-north-1.ec2.archive.ubuntu.com/ubuntu noble-updates InRelease
Hit:3 http://eu-north-1.ec2.archive.ubuntu.com/ubuntu noble-backports InRelease
Get:4 https://download.docker.com/linux/ubuntu noble InRelease [48.8 kB]
Hit:5 http://security.ubuntu.com/ubuntu noble-security InRelease
Get:6 https://download.docker.com/linux/ubuntu noble/stable amd64 Packages [14.7 kB]
Fetched 63.6 kB in 1s (126 kB/s)
Reading package lists... Done
root@ip-172-31-35-14:~#
root@ip-172-31-35-14:~#
root@ip-172-31-35-14:~# sudo apt-get install docker-ce docker-ce-cli containerd.io docker-buildx-plugin docker-compose-plugin
Reading package lists... Done
Building dependency tree... Done
Reading state information... Done
The following additional packages will be installed:
  docker-ce-rootless-extras libltdl7 libslirp0 pigz slirp4netns
Suggested packages:
  aufs-tools cgroupfs-mount | cgroup-lite
The following NEW packages will be installed:
  containerd.io docker-buildx-plugin docker-ce docker-ce-cli docker-ce-rootless-extras docker-compose-plugin libltdl7 libslirp0 pigz slirp4netns
0 upgraded, 10 newly installed, 0 to remove and 136 not upgraded.
Need to get 123 MB of archives.
After this operation, 442 MB of additional disk space will be used.
Do you want to continue? [Y/n] y
Get:1 http://eu-north-1.ec2.archive.ubuntu.com/ubuntu noble/universe amd64 pigz amd64 2.8-1 [65.6 kB]
Get:2 http://eu-north-1.ec2.archive.ubuntu.com/ubuntu noble/main amd64 libltdl7 amd64 2.4.7-7build1 [40.3 kB]
Get:3 http://eu-north-1.ec2.archive.ubuntu.com/ubuntu noble/main amd64 libslirp0 amd64 4.7.0-1ubuntu3 [63.8 kB]
Get:4 http://eu-north-1.ec2.archive.ubuntu.com/ubuntu noble/universe amd64 slirp4netns amd64 1.2.1-1build2 [34.9 kB]
Get:5 https://download.docker.com/linux/ubuntu noble/stable amd64 containerd.io amd64 1.7.22-1 [29.5 MB]
Get:6 https://download.docker.com/linux/ubuntu noble/stable amd64 docker-buildx-plugin amd64 0.17.1-1~ubuntu.24.04~noble [30.3 MB]
Get:7 https://download.docker.com/linux/ubuntu noble/stable amd64 docker-ce-cli amd64 5:27.3.0-1~ubuntu.24.04~noble [15.0 MB]
Get:8 https://download.docker.com/linux/ubuntu noble/stable amd64 docker-ce amd64 5:27.3.0-1~ubuntu.24.04~noble [25.6 MB]
Get:9 https://download.docker.com/linux/ubuntu noble/stable amd64 docker-ce-rootless-extras amd64 5:27.3.0-1~ubuntu.24.04~noble [9588 kB]
Get:10 https://download.docker.com/linux/ubuntu noble/stable amd64 docker-compose-plugin amd64 2.29.6-1~ubuntu.24.04~noble [12.6 MB]
Fetched 123 MB in 2s (65.5 MB/s)
Selecting previously unselected package pigz.
(Reading database ... 67741 files and directories currently installed.)
Preparing to unpack .../0-pigz_2.8-1_amd64.deb ...
Unpacking pigz (2.8-1) ...
Selecting previously unselected package containerd.io.
Preparing to unpack .../1-containerd.io_1.7.22-1_amd64.deb ...
Unpacking containerd.io (1.7.22-1) ...
Selecting previously unselected package docker-buildx-plugin.
Preparing to unpack .../2-docker-buildx-plugin_0.17.1-1~ubuntu.24.04~noble_amd64.deb ...
Unpacking docker-buildx-plugin (0.17.1-1~ubuntu.24.04~noble) ...
Selecting previously unselected package docker-ce-cli.
Preparing to unpack .../3-docker-ce-cli_5%3a27.3.0-1~ubuntu.24.04~noble_amd64.deb ...
Unpacking docker-ce-cli (5:27.3.0-1~ubuntu.24.04~noble) ...
Selecting previously unselected package docker-ce.
Preparing to unpack .../4-docker-ce_5%3a27.3.0-1~ubuntu.24.04~noble_amd64.deb ...
Unpacking docker-ce (5:27.3.0-1~ubuntu.24.04~noble) ...
Selecting previously unselected package docker-ce-rootless-extras.
Preparing to unpack .../5-docker-ce-rootless-extras_5%3a27.3.0-1~ubuntu.24.04~noble_amd64.deb ...
Unpacking docker-ce-rootless-extras (5:27.3.0-1~ubuntu.24.04~noble) ...
Selecting previously unselected package docker-compose-plugin.
Preparing to unpack .../6-docker-compose-plugin_2.29.6-1~ubuntu.24.04~noble_amd64.deb ...
Unpacking docker-compose-plugin (2.29.6-1~ubuntu.24.04~noble) ...
Selecting previously unselected package libltdl7:amd64.
Preparing to unpack .../7-libltdl7_2.4.7-7build1_amd64.deb ...
Unpacking libltdl7:amd64 (2.4.7-7build1) ...
Selecting previously unselected package libslirp0:amd64.
Preparing to unpack .../8-libslirp0_4.7.0-1ubuntu3_amd64.deb ...
Unpacking libslirp0:amd64 (4.7.0-1ubuntu3) ...
Selecting previously unselected package slirp4netns.
Preparing to unpack .../9-slirp4netns_1.2.1-1build2_amd64.deb ...
Unpacking slirp4netns (1.2.1-1build2) ...
Setting up docker-buildx-plugin (0.17.1-1~ubuntu.24.04~noble) ...
Setting up containerd.io (1.7.22-1) ...
Created symlink /etc/systemd/system/multi-user.target.wants/containerd.service → /usr/lib/systemd/system/containerd.service.
Setting up docker-compose-plugin (2.29.6-1~ubuntu.24.04~noble) ...
Setting up libltdl7:amd64 (2.4.7-7build1) ...
Setting up docker-ce-cli (5:27.3.0-1~ubuntu.24.04~noble) ...
Setting up libslirp0:amd64 (4.7.0-1ubuntu3) ...
Setting up pigz (2.8-1) ...
Setting up docker-ce-rootless-extras (5:27.3.0-1~ubuntu.24.04~noble) ...
Setting up slirp4netns (1.2.1-1build2) ...
Setting up docker-ce (5:27.3.0-1~ubuntu.24.04~noble) ...
Created symlink /etc/systemd/system/multi-user.target.wants/docker.service → /usr/lib/systemd/system/docker.service.
Created symlink /etc/systemd/system/sockets.target.wants/docker.socket → /usr/lib/systemd/system/docker.socket.
Processing triggers for man-db (2.12.0-4build2) ...
Processing triggers for libc-bin (2.39-0ubuntu8.2) ...
Scanning processes...
Scanning linux images...

Running kernel seems to be up-to-date.

No services need to be restarted.

No containers need to be restarted.

No user sessions are running outdated binaries.

No VM guests are running outdated hypervisor (qemu) binaries on this host.
root@ip-172-31-35-14:~#
root@ip-172-31-35-14:~#
root@ip-172-31-35-14:~#
root@ip-172-31-35-14:~# docker --version
Docker version 27.3.0, build e85edf8
root@ip-172-31-35-14:~# docker

Usage:  docker [OPTIONS] COMMAND

A self-sufficient runtime for containers

Common Commands:
  run         Create and run a new container from an image
  exec        Execute a command in a running container
  ps          List containers
  build       Build an image from a Dockerfile
  pull        Download an image from a registry
  push        Upload an image to a registry
  images      List images
  login       Authenticate to a registry
  logout      Log out from a registry
  search      Search Docker Hub for images
  version     Show the Docker version information
  info        Display system-wide information

Management Commands:
  builder     Manage builds
  buildx*     Docker Buildx
  compose*    Docker Compose
  container   Manage containers
  context     Manage contexts
  image       Manage images
  manifest    Manage Docker image manifests and manifest lists
  network     Manage networks
  plugin      Manage plugins
  system      Manage Docker
  trust       Manage trust on Docker images
  volume      Manage volumes

Swarm Commands:
  swarm       Manage Swarm

Commands:
  attach      Attach local standard input, output, and error streams to a running container
  commit      Create a new image from a container's changes
  cp          Copy files/folders between a container and the local filesystem
  create      Create a new container
  diff        Inspect changes to files or directories on a container's filesystem
  events      Get real time events from the server
  export      Export a container's filesystem as a tar archive
  history     Show the history of an image
  import      Import the contents from a tarball to create a filesystem image
  inspect     Return low-level information on Docker objects
  kill        Kill one or more running containers
  load        Load an image from a tar archive or STDIN
  logs        Fetch the logs of a container
  pause       Pause all processes within one or more containers
  port        List port mappings or a specific mapping for the container
  rename      Rename a container
  restart     Restart one or more containers
  rm          Remove one or more containers
  rmi         Remove one or more images
  save        Save one or more images to a tar archive (streamed to STDOUT by default)
  start       Start one or more stopped containers
  stats       Display a live stream of container(s) resource usage statistics
  stop        Stop one or more running containers
  tag         Create a tag TARGET_IMAGE that refers to SOURCE_IMAGE
  top         Display the running processes of a container
  unpause     Unpause all processes within one or more containers
  update      Update configuration of one or more containers
  wait        Block until one or more containers stop, then print their exit codes

Global Options:
      --config string      Location of client config files (default "/root/.docker")
  -c, --context string     Name of the context to use to connect to the daemon (overrides DOCKER_HOST env var and default context set with "docker context use")
  -D, --debug              Enable debug mode
  -H, --host list          Daemon socket to connect to
  -l, --log-level string   Set the logging level ("debug", "info", "warn", "error", "fatal") (default "info")
      --tls                Use TLS; implied by --tlsverify
      --tlscacert string   Trust certs signed only by this CA (default "/root/.docker/ca.pem")
      --tlscert string     Path to TLS certificate file (default "/root/.docker/cert.pem")
      --tlskey string      Path to TLS key file (default "/root/.docker/key.pem")
      --tlsverify          Use TLS and verify the remote
  -v, --version            Print version information and quit

Run 'docker COMMAND --help' for more information on a command.

For more help on how to use Docker, head to https://docs.docker.com/go/guides/
root@ip-172-31-35-14:~#
root@ip-172-31-35-14:~#
root@ip-172-31-35-14:~#
root@ip-172-31-35-14:~# docker run -d -p 80:80 wordpress
Unable to find image 'wordpress:latest' locally
latest: Pulling from library/wordpress
a2318d6c47ec: Pull complete
c335a1cecf20: Pull complete
9f1356d24f26: Pull complete
93a67f8d1dfc: Pull complete
773d8e2be6c6: Pull complete
b874a8bbb522: Pull complete
395851b4c00b: Pull complete
4da76c07aec8: Pull complete
bb73fbe4ca79: Pull complete
227736df5e72: Pull complete
1d13b1b1846b: Pull complete
baa02e83b733: Pull complete
f8ace1cc44a8: Pull complete
fd87bac7eeba: Pull complete
f4ec7f7039ac: Pull complete
3cf56dcc8b37: Pull complete
dee7dcc83641: Pull complete
36b188309206: Pull complete
787c67646959: Pull complete
6fa6755ccaee: Pull complete
15945b374f36: Pull complete
Digest: sha256:a46a4a00e427168b92df0c792d0ab766bd1d4f111aaaae45fd0173ece590b6f3
Status: Downloaded newer image for wordpress:latest
69ffc073669e1d7be085ac950e3d998d915414e6b04597365f3c4704c9bc02e3
root@ip-172-31-35-14:~#
root@ip-172-31-35-14:~#
root@ip-172-31-35-14:~# docker ps
CONTAINER ID   IMAGE       COMMAND                  CREATED         STATUS         PORTS                               NAMES
69ffc073669e   wordpress   "docker-entrypoint.s…"   9 seconds ago   Up 8 seconds   0.0.0.0:80->80/tcp, :::80->80/tcp   silly_hermann
root@ip-172-31-35-14:~# docker ps -a
CONTAINER ID   IMAGE       COMMAND                  CREATED          STATUS          PORTS                               NAMES
69ffc073669e   wordpress   "docker-entrypoint.s…"   30 seconds ago   Up 29 seconds   0.0.0.0:80->80/tcp, :::80->80/tcp   silly_hermann
root@ip-172-31-35-14:~# docker images
REPOSITORY   TAG       IMAGE ID       CREATED      SIZE
wordpress    latest    e6e656a22e5a   7 days ago   699MB
root@ip-172-31-35-14:~#
root@ip-172-31-35-14:~#
root@ip-172-31-35-14:~# docker run -d -p 1234:80 wordpress
f0d0c9044b114bef1b09f6658b2d70efd34684d845f927efda51c6dc0a20175a
root@ip-172-31-35-14:~#
root@ip-172-31-35-14:~#
root@ip-172-31-35-14:~# docker ps
CONTAINER ID   IMAGE       COMMAND                  CREATED         STATUS         PORTS                                     NAMES
f0d0c9044b11   wordpress   "docker-entrypoint.s…"   8 seconds ago   Up 7 seconds   0.0.0.0:1234->80/tcp, [::]:1234->80/tcp   dazzling_dewdney
69ffc073669e   wordpress   "docker-entrypoint.s…"   2 minutes ago   Up 2 minutes   0.0.0.0:80->80/tcp, :::80->80/tcp         silly_hermann
root@ip-172-31-35-14:~#
root@ip-172-31-35-14:~#
root@ip-172-31-35-14:~#
root@ip-172-31-35-14:~# docker images
REPOSITORY   TAG       IMAGE ID       CREATED      SIZE
wordpress    latest    e6e656a22e5a   7 days ago   699MB
root@ip-172-31-35-14:~#
root@ip-172-31-35-14:~#
root@ip-172-31-35-14:~# docker run -p 80:80 wordpress
docker: Error response from daemon: driver failed programming external connectivity on endpoint reverent_solomon (4422bb10f090a5acdcb4f9c52953948663dc8af832aa1928b27733162bd93391): Bind for 0.0.0.0:80 failed: port is already allocated.
root@ip-172-31-35-14:~#
root@ip-172-31-35-14:~#
root@ip-172-31-35-14:~# docker ps
CONTAINER ID   IMAGE       COMMAND                  CREATED         STATUS         PORTS                                     NAMES
f0d0c9044b11   wordpress   "docker-entrypoint.s…"   2 minutes ago   Up 2 minutes   0.0.0.0:1234->80/tcp, [::]:1234->80/tcp   dazzling_dewdney
69ffc073669e   wordpress   "docker-entrypoint.s…"   5 minutes ago   Up 5 minutes   0.0.0.0:80->80/tcp, :::80->80/tcp         silly_hermann
root@ip-172-31-35-14:~#
root@ip-172-31-35-14:~# docker rm f0d0c9044b11
Error response from daemon: cannot remove container "/dazzling_dewdney": container is running: stop the container before removing or force remove
root@ip-172-31-35-14:~#
root@ip-172-31-35-14:~#
root@ip-172-31-35-14:~# docker stop f0d0c9044b11
f0d0c9044b11
root@ip-172-31-35-14:~#
root@ip-172-31-35-14:~# docker ps
CONTAINER ID   IMAGE       COMMAND                  CREATED         STATUS         PORTS                               NAMES
69ffc073669e   wordpress   "docker-entrypoint.s…"   6 minutes ago   Up 6 minutes   0.0.0.0:80->80/tcp, :::80->80/tcp   silly_hermann
root@ip-172-31-35-14:~#
root@ip-172-31-35-14:~#
root@ip-172-31-35-14:~# docker rm f0d0c9044b11
f0d0c9044b11
root@ip-172-31-35-14:~#
root@ip-172-31-35-14:~#
root@ip-172-31-35-14:~# docker images
REPOSITORY   TAG       IMAGE ID       CREATED      SIZE
wordpress    latest    e6e656a22e5a   7 days ago   699MB
root@ip-172-31-35-14:~#
root@ip-172-31-35-14:~#
root@ip-172-31-35-14:~#
root@ip-172-31-35-14:~# docker stop e6e656a22e5a
Error response from daemon: No such container: e6e656a22e5a
root@ip-172-31-35-14:~#
root@ip-172-31-35-14:~#
root@ip-172-31-35-14:~#
root@ip-172-31-35-14:~# docker start f0d0c9044b11
Error response from daemon: No such container: f0d0c9044b11
Error: failed to start containers: f0d0c9044b11
root@ip-172-31-35-14:~# docker images
REPOSITORY   TAG       IMAGE ID       CREATED      SIZE
wordpress    latest    e6e656a22e5a   7 days ago   699MB
root@ip-172-31-35-14:~#
root@ip-172-31-35-14:~#
root@ip-172-31-35-14:~#
root@ip-172-31-35-14:~# docker rmi wordpress
Error response from daemon: conflict: unable to remove repository reference "wordpress" (must force) - container 69ffc073669e is using its referenced image e6e656a22e5a
root@ip-172-31-35-14:~#
root@ip-172-31-35-14:~#
root@ip-172-31-35-14:~#
root@ip-172-31-35-14:~#
root@ip-172-31-35-14:~# docker stop 69ffc073669e
69ffc073669e
root@ip-172-31-35-14:~#
root@ip-172-31-35-14:~#
root@ip-172-31-35-14:~# docker ps
CONTAINER ID   IMAGE     COMMAND   CREATED   STATUS    PORTS     NAMES
root@ip-172-31-35-14:~#
root@ip-172-31-35-14:~#
root@ip-172-31-35-14:~#
root@ip-172-31-35-14:~# docker images
REPOSITORY   TAG       IMAGE ID       CREATED      SIZE
wordpress    latest    e6e656a22e5a   7 days ago   699MB
root@ip-172-31-35-14:~#
root@ip-172-31-35-14:~#
root@ip-172-31-35-14:~#
root@ip-172-31-35-14:~# docker rmi wordpress
Error response from daemon: conflict: unable to remove repository reference "wordpress" (must force) - container 69ffc073669e is using its referenced image e6e656a22e5a
root@ip-172-31-35-14:~# docker stop e6e656a22e5a
Error response from daemon: No such container: e6e656a22e5a
root@ip-172-31-35-14:~#
root@ip-172-31-35-14:~#
root@ip-172-31-35-14:~#
root@ip-172-31-35-14:~# docker rmi e6e656a22e5a
Error response from daemon: conflict: unable to delete e6e656a22e5a (must be forced) - image is being used by stopped container 69ffc073669e
root@ip-172-31-35-14:~#
root@ip-172-31-35-14:~#
root@ip-172-31-35-14:~# docker rm 69ffc073669e
69ffc073669e
root@ip-172-31-35-14:~#
root@ip-172-31-35-14:~#
root@ip-172-31-35-14:~#
root@ip-172-31-35-14:~# docker ps
CONTAINER ID   IMAGE     COMMAND   CREATED   STATUS    PORTS     NAMES
root@ip-172-31-35-14:~#
root@ip-172-31-35-14:~#
root@ip-172-31-35-14:~#
root@ip-172-31-35-14:~# docker images
REPOSITORY   TAG       IMAGE ID       CREATED      SIZE
wordpress    latest    e6e656a22e5a   7 days ago   699MB
root@ip-172-31-35-14:~#
root@ip-172-31-35-14:~#
root@ip-172-31-35-14:~#
root@ip-172-31-35-14:~#
root@ip-172-31-35-14:~# docker rmi wordpress
Error response from daemon: conflict: unable to remove repository reference "wordpress" (must force) - container 13e1aa9dbdec is using its referenced image e6e656a22e5a
root@ip-172-31-35-14:~#
root@ip-172-31-35-14:~#
root@ip-172-31-35-14:~# docker stop wordpress
Error response from daemon: No such container: wordpress
root@ip-172-31-35-14:~#
root@ip-172-31-35-14:~#
root@ip-172-31-35-14:~#
root@ip-172-31-35-14:~# docker ps -a
CONTAINER ID   IMAGE       COMMAND                  CREATED         STATUS    PORTS     NAMES
13e1aa9dbdec   wordpress   "docker-entrypoint.s…"   5 minutes ago   Created             reverent_solomon
root@ip-172-31-35-14:~# docker stop 13e1aa9dbdec
13e1aa9dbdec
root@ip-172-31-35-14:~#
root@ip-172-31-35-14:~#
root@ip-172-31-35-14:~# docker ps -a
CONTAINER ID   IMAGE       COMMAND                  CREATED         STATUS    PORTS     NAMES
13e1aa9dbdec   wordpress   "docker-entrypoint.s…"   5 minutes ago   Created             reverent_solomon
root@ip-172-31-35-14:~#
root@ip-172-31-35-14:~#
root@ip-172-31-35-14:~#
root@ip-172-31-35-14:~#
root@ip-172-31-35-14:~#
root@ip-172-31-35-14:~# docker ps
CONTAINER ID   IMAGE     COMMAND   CREATED   STATUS    PORTS     NAMES
root@ip-172-31-35-14:~#
root@ip-172-31-35-14:~#
root@ip-172-31-35-14:~#
root@ip-172-31-35-14:~#
root@ip-172-31-35-14:~# docker images
REPOSITORY   TAG       IMAGE ID       CREATED      SIZE
wordpress    latest    e6e656a22e5a   7 days ago   699MB
root@ip-172-31-35-14:~#
root@ip-172-31-35-14:~#
root@ip-172-31-35-14:~#
root@ip-172-31-35-14:~#
root@ip-172-31-35-14:~# docker rmi wordpress
Error response from daemon: conflict: unable to remove repository reference "wordpress" (must force) - container 13e1aa9dbdec is using its referenced image e6e656a22e5a
root@ip-172-31-35-14:~# docker ps -a
CONTAINER ID   IMAGE       COMMAND                  CREATED         STATUS    PORTS     NAMES
13e1aa9dbdec   wordpress   "docker-entrypoint.s…"   6 minutes ago   Created             reverent_solomon
root@ip-172-31-35-14:~#
root@ip-172-31-35-14:~#
root@ip-172-31-35-14:~# docker stop 13e1aa9dbdec
13e1aa9dbdec
root@ip-172-31-35-14:~#
root@ip-172-31-35-14:~#
root@ip-172-31-35-14:~# docker rm 13e1aa9dbdec
13e1aa9dbdec
root@ip-172-31-35-14:~#
root@ip-172-31-35-14:~#
root@ip-172-31-35-14:~# docker ps
CONTAINER ID   IMAGE     COMMAND   CREATED   STATUS    PORTS     NAMES
root@ip-172-31-35-14:~#
root@ip-172-31-35-14:~#
root@ip-172-31-35-14:~#
root@ip-172-31-35-14:~#
root@ip-172-31-35-14:~# docker images
REPOSITORY   TAG       IMAGE ID       CREATED      SIZE
wordpress    latest    e6e656a22e5a   7 days ago   699MB
root@ip-172-31-35-14:~#
root@ip-172-31-35-14:~#
root@ip-172-31-35-14:~#
root@ip-172-31-35-14:~# docker rmi wordpress
Untagged: wordpress:latest
Untagged: wordpress@sha256:a46a4a00e427168b92df0c792d0ab766bd1d4f111aaaae45fd0173ece590b6f3
Deleted: sha256:e6e656a22e5a3193d7e9539b3fd709c5d251e59f767b39890f99e0415879a619
Deleted: sha256:3a2885e31ee073fefbe5958b4a7ebc9e8fd2fcf46771dc726606fe73396dc7d4
Deleted: sha256:df7eb8b5e910fa1ee26b937e0fa25ba13aeca60b48e551243987f70b8097c791
Deleted: sha256:ca8176215ff88726414efa0cc8b15423d225d930946f54db0bcbaf9a24468826
Deleted: sha256:495925a9f59b513c513e121f9d2bac9730a7977242e907fe6a9787c215b791c3
Deleted: sha256:201662f1efd6ab0fb78ed9162c35504e83d892bbf53b5d319b4991a962bb34b4
Deleted: sha256:6243f83dd0b49e83a4d42ca18b083421217bce59a27e8d44df2d87ee72c61e58
Deleted: sha256:07ed5aad264c36685a03119d39b49f055e4d29f4f159911b513b59778d619edc
Deleted: sha256:f7c91c5acbc3bf3051907d8aca9222d997efe6e391e21f7232cb5d3e6e1f05d8
Deleted: sha256:41bb4eb7189a22e741ba6be3d3227a9647f6d02ed9a813810e8eb98d2b30897d
Deleted: sha256:6928e39f6e660ae25e9a6792ee9a281f64059ec8ecd8015e7dcdbeda62877c72
Deleted: sha256:4d13aa48293fa38266e018026a0924800b2013245d300376d4ffc288cac02b30
Deleted: sha256:66c58715ee195592b4fea80ce59fef262f6fa1f14d730f76f50036e55957a011
Deleted: sha256:3ca1953524f8881970fd006e83bd1e19086bd6a95084c0beba03be30c80b71ed
Deleted: sha256:2725feb1a2173ea5d87106cb01d3f5042152e0e2aefbb4321ba66776952fc2ea
Deleted: sha256:1922ac8ff1b6edc38e53ad01c4c994b0ad37bbeefb239b41807eb8e24470a67d
Deleted: sha256:f0fc96271a2e9652f987e798c0a459d4db2008d82515303a33f1b36d117c553e
Deleted: sha256:e2d97dc3c9037b4ba1fd31eded05e326997ba849080fd27c75d31bc230f2913d
Deleted: sha256:e005503784d37a1b18488fd84a6f91c2559084d3065ff9c26f3f089e7b1ac09f
Deleted: sha256:f0e2678080f12b64c294f2148f7444fb9fe8ea7a77b8b9b48471060fe1504cc1
Deleted: sha256:9f8087c2d1887c9bddc722b7f4e25eb5c1a752a9caba26cf4640f6d2111792b3
Deleted: sha256:8e2ab394fabf557b00041a8f080b10b4e91c7027b7c174f095332c7ebb6501cb
root@ip-172-31-35-14:~#
root@ip-172-31-35-14:~#
root@ip-172-31-35-14:~#
root@ip-172-31-35-14:~# docker images
REPOSITORY   TAG       IMAGE ID   CREATED   SIZE
root@ip-172-31-35-14:~#
root@ip-172-31-35-14:~#
root@ip-172-31-35-14:~#
root@ip-172-31-35-14:~#
root@ip-172-31-35-14:~#
root@ip-172-31-35-14:~# docker logs
"docker logs" requires exactly 1 argument.
See 'docker logs --help'.

Usage:  docker logs [OPTIONS] CONTAINER

Fetch the logs of a container
root@ip-172-31-35-14:~#
root@ip-172-31-35-14:~#
root@ip-172-31-35-14:~# docker logs 13e1aa9dbdec
Error response from daemon: No such container: 13e1aa9dbdec
root@ip-172-31-35-14:~#
root@ip-172-31-35-14:~#
root@ip-172-31-35-14:~#
root@ip-172-31-35-14:~#
root@ip-172-31-35-14:~#
root@ip-172-31-35-14:~#
root@ip-172-31-35-14:~#
